=== RUN   TestScanDiagnosticController
    scan_diagnostic_integration_test.go:290: actual backend profile=elasticsearch-8.19.22 build=3b2a41103de35e0af4064d647974032fcc1bcde9
=== RUN   TestScanDiagnosticMeasure
WEIR_SCAN_DIAGNOSTIC {"variant":"baseline","source":"70a1e0e571ff6121cae9edbe10af3ce294264ba9","backend":"mongodb","order":"1","round":1,"documents":1024,"rpcs":5,"elapsed_ns":128798417,"documents_per_second":7950.408272486765,"native_observation":{"commands":{"find":1025},"requested_batch_histogram":{"1":1025}}}
WEIR_SCAN_DIAGNOSTIC {"variant":"baseline","source":"70a1e0e571ff6121cae9edbe10af3ce294264ba9","backend":"mongodb","order":"1","round":2,"documents":1024,"rpcs":5,"elapsed_ns":129051583,"documents_per_second":7934.81161715002,"native_observation":{"commands":{"find":1025},"requested_batch_histogram":{"1":1025}}}
WEIR_SCAN_DIAGNOSTIC {"variant":"baseline","source":"70a1e0e571ff6121cae9edbe10af3ce294264ba9","backend":"mongodb","order":"1","round":3,"documents":1024,"rpcs":5,"elapsed_ns":133989541,"documents_per_second":7642.387550234239,"native_observation":{"commands":{"find":1025,"hello":1},"requested_batch_histogram":{"1":1025}}}
2026/10/04 12:38:17 INFO backend_connections_closed backend=mongo store=records owned=0 peak=2 limit=3 dialing=0 closing=0 acquired=2 released=2
--- PASS: TestScanDiagnosticMeasure (0.54s)
PASS
=== RUN   TestScanDiagnosticMeasure
WEIR_SCAN_DIAGNOSTIC {"variant":"current","source":"production-tree-sha256:8855123cf30ff8e581dc13ca95765776e1aeca4b16ca104b700b191b1aa29acf","backend":"mongodb","order":"2","round":1,"documents":1024,"rpcs":5,"elapsed_ns":8992792,"documents_per_second":113868.9741739829,"native_observation":{"commands":{"find":9},"requested_batch_histogram":{"128":9}}}
WEIR_SCAN_DIAGNOSTIC {"variant":"current","source":"production-tree-sha256:8855123cf30ff8e581dc13ca95765776e1aeca4b16ca104b700b191b1aa29acf","backend":"mongodb","order":"2","round":2,"documents":1024,"rpcs":5,"elapsed_ns":9193750,"documents_per_second":111380.01359619306,"native_observation":{"commands":{"find":9},"requested_batch_histogram":{"128":9}}}
WEIR_SCAN_DIAGNOSTIC {"variant":"current","source":"production-tree-sha256:8855123cf30ff8e581dc13ca95765776e1aeca4b16ca104b700b191b1aa29acf","backend":"mongodb","order":"2","round":3,"documents":1024,"rpcs":5,"elapsed_ns":9620958,"documents_per_second":106434.30726960869,"native_observation":{"commands":{"find":9},"requested_batch_histogram":{"128":9}}}
2026/10/04 12:38:17 INFO backend_connections_closed backend=mongo store=records owned=0 peak=2 limit=3 dialing=0 closing=0 acquired=2 released=2
--- PASS: TestScanDiagnosticMeasure (0.04s)
PASS
=== RUN   TestScanDiagnosticMeasure
WEIR_SCAN_DIAGNOSTIC {"variant":"current","source":"production-tree-sha256:8855123cf30ff8e581dc13ca95765776e1aeca4b16ca104b700b191b1aa29acf","backend":"mongodb","order":"3","round":1,"documents":1024,"rpcs":5,"elapsed_ns":9418875,"documents_per_second":108717.86704887792,"native_observation":{"commands":{"find":9},"requested_batch_histogram":{"128":9}}}
WEIR_SCAN_DIAGNOSTIC {"variant":"current","source":"production-tree-sha256:8855123cf30ff8e581dc13ca95765776e1aeca4b16ca104b700b191b1aa29acf","backend":"mongodb","order":"3","round":2,"documents":1024,"rpcs":5,"elapsed_ns":9135208,"documents_per_second":112093.78045907657,"native_observation":{"commands":{"find":9},"requested_batch_histogram":{"128":9}}}
WEIR_SCAN_DIAGNOSTIC {"variant":"current","source":"production-tree-sha256:8855123cf30ff8e581dc13ca95765776e1aeca4b16ca104b700b191b1aa29acf","backend":"mongodb","order":"3","round":3,"documents":1024,"rpcs":5,"elapsed_ns":8955125,"documents_per_second":114347.92925838557,"native_observation":{"commands":{"find":9},"requested_batch_histogram":{"128":9}}}
2026/10/04 12:38:17 INFO backend_connections_closed backend=mongo store=records owned=0 peak=2 limit=3 dialing=0 closing=0 acquired=2 released=2
--- PASS: TestScanDiagnosticMeasure (0.04s)
PASS
=== RUN   TestScanDiagnosticMeasure
WEIR_SCAN_DIAGNOSTIC {"variant":"baseline","source":"70a1e0e571ff6121cae9edbe10af3ce294264ba9","backend":"mongodb","order":"4","round":1,"documents":1024,"rpcs":5,"elapsed_ns":128959250,"documents_per_second":7940.492830099431,"native_observation":{"commands":{"find":1025},"requested_batch_histogram":{"1":1025}}}
WEIR_SCAN_DIAGNOSTIC {"variant":"baseline","source":"70a1e0e571ff6121cae9edbe10af3ce294264ba9","backend":"mongodb","order":"4","round":2,"documents":1024,"rpcs":5,"elapsed_ns":129625833,"documents_per_second":7899.659938925909,"native_observation":{"commands":{"find":1025},"requested_batch_histogram":{"1":1025}}}
WEIR_SCAN_DIAGNOSTIC {"variant":"baseline","source":"70a1e0e571ff6121cae9edbe10af3ce294264ba9","backend":"mongodb","order":"4","round":3,"documents":1024,"rpcs":5,"elapsed_ns":128596250,"documents_per_second":7962.907160978644,"native_observation":{"commands":{"find":1025,"hello":1},"requested_batch_histogram":{"1":1025}}}
2026/10/04 12:38:18 INFO backend_connections_closed backend=mongo store=records owned=0 peak=2 limit=3 dialing=0 closing=0 acquired=2 released=2
--- PASS: TestScanDiagnosticMeasure (0.52s)
PASS
=== RUN   TestScanDiagnosticMeasure
WEIR_SCAN_DIAGNOSTIC {"variant":"baseline","source":"70a1e0e571ff6121cae9edbe10af3ce294264ba9","backend":"search","order":"1","round":1,"documents":1024,"rpcs":5,"elapsed_ns":750657959,"documents_per_second":1364.1366053910047,"native_observation":{"commands":{"POST /_search":1025,"POST /weir_m2_86965_1/_pit":1},"requested_batch_histogram":{"1":1025}}}
WEIR_SCAN_DIAGNOSTIC {"variant":"baseline","source":"70a1e0e571ff6121cae9edbe10af3ce294264ba9","backend":"search","order":"1","round":2,"documents":1024,"rpcs":5,"elapsed_ns":777458083,"documents_per_second":1317.1128095403699,"native_observation":{"commands":{"POST /_search":1025,"POST /weir_m2_86965_1/_pit":1},"requested_batch_histogram":{"1":1025}}}
WEIR_SCAN_DIAGNOSTIC {"variant":"baseline","source":"70a1e0e571ff6121cae9edbe10af3ce294264ba9","backend":"search","order":"1","round":3,"documents":1024,"rpcs":5,"elapsed_ns":711431583,"documents_per_second":1439.3513367539097,"native_observation":{"commands":{"POST /_search":1025,"POST /weir_m2_86965_1/_pit":1},"requested_batch_histogram":{"1":1025}}}
2026/10/04 12:38:21 INFO backend_connections_closed backend=search store=records owned=0 peak=1 limit=3 acquired=1 released=1
--- PASS: TestScanDiagnosticMeasure (3.15s)
PASS
=== RUN   TestScanDiagnosticMeasure
WEIR_SCAN_DIAGNOSTIC {"variant":"current","source":"production-tree-sha256:8855123cf30ff8e581dc13ca95765776e1aeca4b16ca104b700b191b1aa29acf","backend":"search","order":"2","round":1,"documents":1024,"rpcs":5,"elapsed_ns":34608959,"documents_per_second":29587.71455680016,"native_observation":{"commands":{"POST /_search":9,"POST /weir_m2_86965_1/_pit":1},"requested_batch_histogram":{"128":9}}}
WEIR_SCAN_DIAGNOSTIC {"variant":"current","source":"production-tree-sha256:8855123cf30ff8e581dc13ca95765776e1aeca4b16ca104b700b191b1aa29acf","backend":"search","order":"2","round":2,"documents":1024,"rpcs":5,"elapsed_ns":34749833,"documents_per_second":29467.767514163304,"native_observation":{"commands":{"POST /_search":9,"POST /weir_m2_86965_1/_pit":1},"requested_batch_histogram":{"128":9}}}
WEIR_SCAN_DIAGNOSTIC {"variant":"current","source":"production-tree-sha256:8855123cf30ff8e581dc13ca95765776e1aeca4b16ca104b700b191b1aa29acf","backend":"search","order":"2","round":3,"documents":1024,"rpcs":5,"elapsed_ns":43478833,"documents_per_second":23551.690083310194,"native_observation":{"commands":{"POST /_search":9,"POST /weir_m2_86965_1/_pit":1},"requested_batch_histogram":{"128":9}}}
2026/10/04 12:38:21 INFO backend_connections_closed backend=search store=records owned=0 peak=1 limit=3 acquired=1 released=1
--- PASS: TestScanDiagnosticMeasure (0.16s)
PASS
=== RUN   TestScanDiagnosticMeasure
WEIR_SCAN_DIAGNOSTIC {"variant":"current","source":"production-tree-sha256:8855123cf30ff8e581dc13ca95765776e1aeca4b16ca104b700b191b1aa29acf","backend":"search","order":"3","round":1,"documents":1024,"rpcs":5,"elapsed_ns":34242250,"documents_per_second":29904.57694806854,"native_observation":{"commands":{"POST /_search":9,"POST /weir_m2_86965_1/_pit":1},"requested_batch_histogram":{"128":9}}}
WEIR_SCAN_DIAGNOSTIC {"variant":"current","source":"production-tree-sha256:8855123cf30ff8e581dc13ca95765776e1aeca4b16ca104b700b191b1aa29acf","backend":"search","order":"3","round":2,"documents":1024,"rpcs":5,"elapsed_ns":37746042,"documents_per_second":27128.67219296794,"native_observation":{"commands":{"POST /_search":9,"POST /weir_m2_86965_1/_pit":1},"requested_batch_histogram":{"128":9}}}
WEIR_SCAN_DIAGNOSTIC {"variant":"current","source":"production-tree-sha256:8855123cf30ff8e581dc13ca95765776e1aeca4b16ca104b700b191b1aa29acf","backend":"search","order":"3","round":3,"documents":1024,"rpcs":5,"elapsed_ns":32773666,"documents_per_second":31244.597415498163,"native_observation":{"commands":{"POST /_search":9,"POST /weir_m2_86965_1/_pit":1},"requested_batch_histogram":{"128":9}}}
2026/10/04 12:38:21 INFO backend_connections_closed backend=search store=records owned=0 peak=1 limit=3 acquired=1 released=1
--- PASS: TestScanDiagnosticMeasure (0.15s)
PASS
=== RUN   TestScanDiagnosticMeasure
WEIR_SCAN_DIAGNOSTIC {"variant":"baseline","source":"70a1e0e571ff6121cae9edbe10af3ce294264ba9","backend":"search","order":"4","round":1,"documents":1024,"rpcs":5,"elapsed_ns":716183709,"documents_per_second":1429.8007440434533,"native_observation":{"commands":{"POST /_search":1025,"POST /weir_m2_86965_1/_pit":1},"requested_batch_histogram":{"1":1025}}}
WEIR_SCAN_DIAGNOSTIC {"variant":"baseline","source":"70a1e0e571ff6121cae9edbe10af3ce294264ba9","backend":"search","order":"4","round":2,"documents":1024,"rpcs":5,"elapsed_ns":705145834,"documents_per_second":1452.1818758983125,"native_observation":{"commands":{"POST /_search":1025,"POST /weir_m2_86965_1/_pit":1},"requested_batch_histogram":{"1":1025}}}
WEIR_SCAN_DIAGNOSTIC {"variant":"baseline","source":"70a1e0e571ff6121cae9edbe10af3ce294264ba9","backend":"search","order":"4","round":3,"documents":1024,"rpcs":5,"elapsed_ns":674797125,"documents_per_second":1517.493128027183,"native_observation":{"commands":{"POST /_search":1025,"POST /weir_m2_86965_1/_pit":1},"requested_batch_histogram":{"1":1025}}}
2026/10/04 12:38:24 INFO backend_connections_closed backend=search store=records owned=0 peak=1 limit=3 acquired=1 released=1
--- PASS: TestScanDiagnosticMeasure (2.76s)
PASS
--- PASS: TestScanDiagnosticController (8.61s)
PASS
